tests/basics/expected-error.ts: 1 / 1 checks passed.
