tests/basics/type-assertion.ts: 1 / 1 checks passed.
